<div class="table-row" id="employee_309456473">
  <div class="table-cell align-middle" data-label="name">
      Tom Branson
  </div>
  <div class="table-cell align-middle"
       data-label="position"
       data-controller="employee-form"
       data-employee-form-label-value="position"
       data-employee-form-css-class="active"
       data-employee-form-url-value="/employees/309456473"
       data-action="click->employee-form#toggle">
      Software Developer
  </div>
  <div class="table-cell align-middle" data-label="office">
      Phoenix
  </div>
  <div class="table-cell text-center align-middle" data-label="age">
      45
  </div>
  <div class="table-cell text-center align-middle" data-label="start date">
      2022-12-14
  </div>
  <div class="table-cell relative new-employee actions">
  <div class="flex justify-around items-center form__actions--edit action__icons">
    
    <a class="underline font-medium" data-turbo-method="post" href="/employees/309456473/edit">
      <svg xmlns="http://www.w3.org/2000/svg" fill="none" viewBox="0 0 24 24" stroke-width="1.5" stroke="currentColor" class="text-yellow-pencil w-6 h-6">
        <path stroke-linecap="round" stroke-linejoin="round" d="M16.862 4.487l1.687-1.688a1.875 1.875 0 112.652 2.652L6.832 19.82a4.5 4.5 0 01-1.897 1.13l-2.685.8.8-2.685a4.5 4.5 0 011.13-1.897L16.863 4.487zm0 0L19.5 7.125" />
      </svg>
</a>    <a data-turbo-method="delete" data-turbo-confirm="Are you sure you want to delete Tom Branson?" href="/employees/309456473">
  <svg xmlns="http://www.w3.org/2000/svg" fill="none" viewBox="0 0 24 24" stroke-width="1.5" stroke="currentColor" class="text-red-ferrari w-6 h-6">
    <path stroke-linecap="round" stroke-linejoin="round" d="M14.74 9l-.346 9m-4.788 0L9.26 9m9.968-3.21c.342.052.682.107 1.022.166m-1.022-.165L18.16 19.673a2.25 2.25 0 01-2.244 2.077H8.084a2.25 2.25 0 01-2.244-2.077L4.772 5.79m14.456 0a48.108 48.108 0 00-3.478-.397m-12 .562c.34-.059.68-.114 1.022-.165m0 0a48.11 48.11 0 013.478-.397m7.5 0v-.916c0-1.18-.91-2.164-2.09-2.201a51.964 51.964 0 00-3.32 0c-1.18.037-2.09 1.022-2.09 2.201v.916m7.5 0a48.667 48.667 0 00-7.5 0" />
  </svg>
</a>

  </div>
</div>
</div>